main.c:81:9:keypad_scan	16	static
main.c:131:6:lcd_init	8	static
main.c:147:6:lcd_cmd	24	static
main.c:190:6:lcd_write_data	24	static
main.c:236:6:lcd_write_string	24	static
main.c:246:6:lcd_write_number	24	static
main.c:274:6:delay	4	static
main.c:281:6:beeb	8	static
main.c:286:6:ready	8	static
main.c:304:9:stop	8	static
main.c:318:6:reset	16	static
main.c:324:9:start	8	static
main.c:369:6:home	8	static
main.c:375:6:micro_time	16	static
main.c:407:6:grill_time	16	static
main.c:439:5:main	16	static
main.c:498:6:SystemClock_Config	72	static
main.c:528:6:HAL_TIM_PeriodElapsedCallback	16	static
main.c:542:13:MX_TIM2_Init	32	static
main.c:592:13:MX_GPIO_Init	40	static
main.c:651:6:Error_Handler	4	static,ignoring_inline_asm
